H1_TRIGGER_PRICE__BASELINE 113
H1_TRIGGER_PRICE__SHORT_PRICE_TRAIL4_FROM_PROFIT 113
H1_TRIGGER_PRICE__SHORT_PEAK_PROFIT_MINUS4PP 113
H1_TRIGGER_PRICE__SHORT_PEAK_PROFIT_GIVEBACK4PCT 113
H1_TRIGGER_PRICE__ALL_PEAK_PROFIT_MINUS4PP 113
H1_NEXT_OPEN__BASELINE 113
H1_NEXT_OPEN__SHORT_PRICE_TRAIL4_FROM_PROFIT 113
H1_NEXT_OPEN__SHORT_PEAK_PROFIT_MINUS4PP 113
H1_NEXT_OPEN__SHORT_PEAK_PROFIT_GIVEBACK4PCT 113
H1_NEXT_OPEN__ALL_PEAK_PROFIT_MINUS4PP 113
SOURCE_GENERATION_PASS 6
RUN_CASE standalone H1_TRIGGER_PRICE__BASELINE
START VPS_VENUE_PENGU_GIVEBACK monthly 0.0 period_end 1786320000000 costs [10.0, 20.0, 30.0]
RESULT {"scenario_id": "PRICE_MODEL_10BPS", "final_equity_jpy": 111578.54035900856, "profit_factor": 3.0708475512989484, "win_rate": 0.746268656716418, "maximum_mtm_drawdown": -0.17287698766376414, "closed_trades": 67, "contributed_jpy": 10000.0, "deposit_event_count": 1, "status": "COMPLETE_H1_PRICE_MODEL_NOT_L2_VERIFIED"}
RESULT {"scenario_id": "PRICE_MODEL_20BPS", "final_equity_jpy": 104560.90574306378, "profit_factor": 2.9765665864980413, "win_rate": 0.746268656716418, "maximum_mtm_drawdown": -0.1769644771456934, "closed_trades": 67, "contributed_jpy": 10000.0, "deposit_event_count": 1, "status": "COMPLETE_H1_PRICE_MODEL_NOT_L2_VERIFIED"}
RESULT {"scenario_id": "PRICE_MODEL_30BPS", "final_equity_jpy": 97968.14739690596, "profit_factor": 2.8857055826467177, "win_rate": 0.746268656716418, "maximum_mtm_drawdown": -0.18122653068944683, "closed_trades": 67, "contributed_jpy": 10000.0, "deposit_event_count": 1, "status": "COMPLETE_H1_PRICE_MODEL_NOT_L2_VERIFIED"}
ALL_SCENARIOS_ACCOUNTING_AND_DEPOSIT_AUDIT_PASS
COMPARISON {"name": "H1_TRIGGER_PRICE__BASELINE", "scope": "standalone", "rows": [{"cost": "PRICE_MODEL_10BPS", "final": 111578.54035900856, "dd": -0.17287698766376414, "pf": 3.0708475512989484, "wr": 0.746268656716418, "n": 67, "short": {"trades": 20, "wins": 15, "win_rate": 0.75, "pf": 2.833499960703165, "net_pnl_usd": 170.28834346920777, "mean_pnl_usd": 8.514417173460389}}, {"cost": "PRICE_MODEL_20BPS", "final": 104560.90574306378, "dd": -0.1769644771456934, "pf": 2.9765665864980413, "wr": 0.746268656716418, "n": 67, "short": {"trades": 20, "wins": 15, "win_rate": 0.75, "pf": 2.7992193456183614, "net_pnl_usd": 161.98913915446187, "mean_pnl_usd": 8.099456957723094}}, {"cost": "PRICE_MODEL_30BPS", "final": 97968.14739690596, "dd": -0.18122653068944683, "pf": 2.8857055826467177, "wr": 0.746268656716418, "n": 67, "short": {"trades": 20, "wins": 15, "win_rate": 0.75, "pf": 2.7658482562298756, "net_pnl_usd": 154.0967245847238, "mean_pnl_usd": 7.70483622923619}}]}
RUN_CASE standalone H1_TRIGGER_PRICE__SHORT_PRICE_TRAIL4_FROM_PROFIT
START VPS_VENUE_PENGU_GIVEBACK monthly 0.0 period_end 1786320000000 costs [10.0, 20.0, 30.0]
RESULT {"scenario_id": "PRICE_MODEL_10BPS", "final_equity_jpy": 50648.524512551514, "profit_factor": 2.732759086098194, "win_rate": 0.6944444444444444, "maximum_mtm_drawdown": -0.19210025052258384, "closed_trades": 72, "contributed_jpy": 10000.0, "deposit_event_count": 1, "status": "COMPLETE_H1_PRICE_MODEL_NOT_L2_VERIFIED"}
RESULT {"scenario_id": "PRICE_MODEL_20BPS", "final_equity_jpy": 39892.2885683577, "profit_factor": 2.427751831348443, "win_rate": 0.6857142857142857, "maximum_mtm_drawdown": -0.1954823151462155, "closed_trades": 70, "contributed_jpy": 10000.0, "deposit_event_count": 1, "status": "COMPLETE_H1_PRICE_MODEL_NOT_L2_VERIFIED"}
RESULT {"scenario_id": "PRICE_MODEL_30BPS", "final_equity_jpy": 33813.702468972624, "profit_factor": 2.2107400584352916, "win_rate": 0.6811594202898551, "maximum_mtm_drawdown": -0.19971512556011972, "closed_trades": 69, "contributed_jpy": 10000.0, "deposit_event_count": 1, "status": "COMPLETE_H1_PRICE_MODEL_NOT_L2_VERIFIED"}
ALL_SCENARIOS_ACCOUNTING_AND_DEPOSIT_AUDIT_PASS
COMPARISON {"name": "H1_TRIGGER_PRICE__SHORT_PRICE_TRAIL4_FROM_PROFIT", "scope": "standalone", "rows": [{"cost": "PRICE_MODEL_10BPS", "final": 50648.524512551514, "dd": -0.19210025052258384, "pf": 2.732759086098194, "wr": 0.6944444444444444, "n": 72, "short": {"trades": 24, "wins": 15, "win_rate": 0.625, "pf": 2.0338293750197476, "net_pnl_usd": 40.15529615952405, "mean_pnl_usd": 1.6731373399801688}}, {"cost": "PRICE_MODEL_20BPS", "final": 39892.2885683577, "dd": -0.1954823151462155, "pf": 2.427751831348443, "wr": 0.6857142857142857, "n": 70, "short": {"trades": 23, "wins": 14, "win_rate": 0.6086956521739131, "pf": 1.7471728125807047, "net_pnl_usd": 26.901307413137168, "mean_pnl_usd": 1.1696220614407464}}, {"cost": "PRICE_MODEL_30BPS", "final": 33813.702468972624, "dd": -0.19971512556011972, "pf": 2.2107400584352916, "wr": 0.6811594202898551, "n": 69, "short": {"trades": 23, "wins": 14, "win_rate": 0.6086956521739131, "pf": 1.6095967470667696, "net_pnl_usd": 21.066487983580426, "mean_pnl_usd": 0.9159342601556707}}]}
RUN_CASE standalone H1_TRIGGER_PRICE__SHORT_PEAK_PROFIT_MINUS4PP
START VPS_VENUE_PENGU_GIVEBACK monthly 0.0 period_end 1786320000000 costs [10.0, 20.0, 30.0]
RESULT {"scenario_id": "PRICE_MODEL_10BPS", "final_equity_jpy": 56836.83814318971, "profit_factor": 2.950774878545616, "win_rate": 0.6901408450704225, "maximum_mtm_drawdown": -0.1931176613138651, "closed_trades": 71, "contributed_jpy": 10000.0, "deposit_event_count": 1, "status": "COMPLETE_H1_PRICE_MODEL_NOT_L2_VERIFIED"}
RESULT {"scenario_id": "PRICE_MODEL_20BPS", "final_equity_jpy": 52996.64884510913, "profit_factor": 2.8246800555089595, "win_rate": 0.6901408450704225, "maximum_mtm_drawdown": -0.196483310038296, "closed_trades": 71, "contributed_jpy": 10000.0, "deposit_event_count": 1, "status": "COMPLETE_H1_PRICE_MODEL_NOT_L2_VERIFIED"}
RESULT {"scenario_id": "PRICE_MODEL_30BPS", "final_equity_jpy": 49406.80741319158, "profit_factor": 2.7041934359519555, "win_rate": 0.6901408450704225, "maximum_mtm_drawdown": -0.19988883561698612, "closed_trades": 71, "contributed_jpy": 10000.0, "deposit_event_count": 1, "status": "COMPLETE_H1_PRICE_MODEL_NOT_L2_VERIFIED"}
ALL_SCENARIOS_ACCOUNTING_AND_DEPOSIT_AUDIT_PASS
COMPARISON {"name": "H1_TRIGGER_PRICE__SHORT_PEAK_PROFIT_MINUS4PP", "scope": "standalone", "rows": [{"cost": "PRICE_MODEL_10BPS", "final": 56836.83814318971, "dd": -0.1931176613138651, "pf": 2.950774878545616, "wr": 0.6901408450704225, "n": 71, "short": {"trades": 24, "wins": 14, "win_rate": 0.5833333333333334, "pf": 2.4327984744072944, "net_pnl_usd": 54.89189190953374, "mean_pnl_usd": 2.287162162897239}}, {"cost": "PRICE_MODEL_20BPS", "final": 52996.64884510913, "dd": -0.196483310038296, "pf": 2.8246800555089595, "wr": 0.6901408450704225, "n": 71, "short": {"trades": 24, "wins": 14, "win_rate": 0.5833333333333334, "pf": 2.2972515010383985, "net_pnl_usd": 49.61142780137563, "mean_pnl_usd": 2.067142825057318}}, {"cost": "PRICE_MODEL_30BPS", "final": 49406.80741319158, "dd": -0.19988883561698612, "pf": 2.7041934359519555, "wr": 0.6901408450704225, "n": 71, "short": {"trades": 24, "wins": 14, "win_rate": 0.5833333333333334, "pf": 2.170187037729017, "net_pnl_usd": 44.63589721710782, "mean_pnl_usd": 1.8598290507128257}}]}
RUN_CASE standalone H1_TRIGGER_PRICE__SHORT_PEAK_PROFIT_GIVEBACK4PCT
START VPS_VENUE_PENGU_GIVEBACK monthly 0.0 period_end 1786320000000 costs [10.0, 20.0, 30.0]
RESULT {"scenario_id": "PRICE_MODEL_10BPS", "final_equity_jpy": 29459.439265707293, "profit_factor": 2.3546456594743046, "win_rate": 0.6619718309859155, "maximum_mtm_drawdown": -0.3004740285240797, "closed_trades": 71, "contributed_jpy": 10000.0, "deposit_event_count": 1, "status": "COMPLETE_H1_PRICE_MODEL_NOT_L2_VERIFIED"}
RESULT {"scenario_id": "PRICE_MODEL_20BPS", "final_equity_jpy": 27451.897109091467, "profit_factor": 2.2186421384214774, "win_rate": 0.6338028169014085, "maximum_mtm_drawdown": -0.3072586248121625, "closed_trades": 71, "contributed_jpy": 10000.0, "deposit_event_count": 1, "status": "COMPLETE_H1_PRICE_MODEL_NOT_L2_VERIFIED"}
RESULT {"scenario_id": "PRICE_MODEL_30BPS", "final_equity_jpy": 25577.574146028193, "profit_factor": 2.088927835515249, "win_rate": 0.6197183098591549, "maximum_mtm_drawdown": -0.3139989402173302, "closed_trades": 71, "contributed_jpy": 10000.0, "deposit_event_count": 1, "status": "COMPLETE_H1_PRICE_MODEL_NOT_L2_VERIFIED"}
ALL_SCENARIOS_ACCOUNTING_AND_DEPOSIT_AUDIT_PASS
COMPARISON {"name": "H1_TRIGGER_PRICE__SHORT_PEAK_PROFIT_GIVEBACK4PCT", "scope": "standalone", "rows": [{"cost": "PRICE_MODEL_10BPS", "final": 29459.439265707293, "dd": -0.3004740285240797, "pf": 2.3546456594743046, "wr": 0.6619718309859155, "n": 71, "short": {"trades": 25, "wins": 14, "win_rate": 0.56, "pf": 1.1802339855713164, "net_pnl_usd": 2.27617777575001, "mean_pnl_usd": 0.0910471110300004}}, {"cost": "PRICE_MODEL_20BPS", "final": 27451.897109091467, "dd": -0.3072586248121625, "pf": 2.2186421384214774, "wr": 0.6338028169014085, "n": 71, "short": {"trades": 25, "wins": 12, "win_rate": 0.48, "pf": 0.9759983954743925, "net_pnl_usd": -0.3242674367249896, "mean_pnl_usd": -0.012970697468999584}}, {"cost": "PRICE_MODEL_30BPS", "final": 25577.574146028193, "dd": -0.3139989402173302, "pf": 2.088927835515249, "wr": 0.6197183098591549, "n": 71, "short": {"trades": 25, "wins": 11, "win_rate": 0.44, "pf": 0.8105822202263745, "net_pnl_usd": -2.7424800554549895, "mean_pnl_usd": -0.10969920221819958}}]}
RUN_CASE standalone H1_TRIGGER_PRICE__ALL_PEAK_PROFIT_MINUS4PP
START VPS_VENUE_PENGU_GIVEBACK monthly 0.0 period_end 1786320000000 costs [10.0, 20.0, 30.0]
RESULT {"scenario_id": "PRICE_MODEL_10BPS", "final_equity_jpy": 26800.75812409314, "profit_factor": 2.060108208803022, "win_rate": 0.5384615384615384, "maximum_mtm_drawdown": -0.29578856301098744, "closed_trades": 78, "contributed_jpy": 10000.0, "deposit_event_count": 1, "status": "COMPLETE_H1_PRICE_MODEL_NOT_L2_VERIFIED"}
RESULT {"scenario_id": "PRICE_MODEL_20BPS", "final_equity_jpy": 24803.283976706898, "profit_factor": 1.9352471479330782, "win_rate": 0.5384615384615384, "maximum_mtm_drawdown": -0.3030660226772589, "closed_trades": 78, "contributed_jpy": 10000.0, "deposit_event_count": 1, "status": "COMPLETE_H1_PRICE_MODEL_NOT_L2_VERIFIED"}
RESULT {"scenario_id": "PRICE_MODEL_30BPS", "final_equity_jpy": 21566.972023214865, "profit_factor": 1.7606382429305039, "win_rate": 0.5066666666666667, "maximum_mtm_drawdown": -0.310251640685536, "closed_trades": 75, "contributed_jpy": 10000.0, "deposit_event_count": 1, "status": "COMPLETE_H1_PRICE_MODEL_NOT_L2_VERIFIED"}
ALL_SCENARIOS_ACCOUNTING_AND_DEPOSIT_AUDIT_PASS
COMPARISON {"name": "H1_TRIGGER_PRICE__ALL_PEAK_PROFIT_MINUS4PP", "scope": "standalone", "rows": [{"cost": "PRICE_MODEL_10BPS", "final": 26800.75812409314, "dd": -0.29578856301098744, "pf": 2.060108208803022, "wr": 0.5384615384615384, "n": 78, "short": {"trades": 26, "wins": 14, "win_rate": 0.5384615384615384, "pf": 1.6564734735352382, "net_pnl_usd": 23.81905619314792, "mean_pnl_usd": 0.9161175458903046}}, {"cost": "PRICE_MODEL_20BPS", "final": 24803.283976706898, "dd": -0.3030660226772589, "pf": 1.9352471479330782, "wr": 0.5384615384615384, "n": 78, "short": {"trades": 26, "wins": 14, "win_rate": 0.5384615384615384, "pf": 1.5626796430287857, "net_pnl_usd": 20.33218543995538, "mean_pnl_usd": 0.7820071323059762}}, {"cost": "PRICE_MODEL_30BPS", "final": 21566.972023214865, "dd": -0.310251640685536, "pf": 1.7606382429305039, "wr": 0.5066666666666667, "n": 75, "short": {"trades": 24, "wins": 12, "win_rate": 0.5, "pf": 1.3844238639715094, "net_pnl_usd": 13.297132167468508, "mean_pnl_usd": 0.5540471736445212}}]}
RUN_CASE standalone H1_NEXT_OPEN__BASELINE
START VPS_VENUE_PENGU_GIVEBACK monthly 0.0 period_end 1786320000000 costs [10.0, 20.0, 30.0]
RESULT {"scenario_id": "PRICE_MODEL_10BPS", "final_equity_jpy": 115079.73744335183, "profit_factor": 2.9932860639494, "win_rate": 0.746268656716418, "maximum_mtm_drawdown": -0.17085025786931618, "closed_trades": 67, "contributed_jpy": 10000.0, "deposit_event_count": 1, "status": "COMPLETE_H1_PRICE_MODEL_NOT_L2_VERIFIED"}
RESULT {"scenario_id": "PRICE_MODEL_20BPS", "final_equity_jpy": 107843.36214650181, "profit_factor": 2.901802543525569, "win_rate": 0.746268656716418, "maximum_mtm_drawdown": -0.17411343826418824, "closed_trades": 67, "contributed_jpy": 10000.0, "deposit_event_count": 1, "status": "COMPLETE_H1_PRICE_MODEL_NOT_L2_VERIFIED"}
RESULT {"scenario_id": "PRICE_MODEL_30BPS", "final_equity_jpy": 101058.63400146368, "profit_factor": 2.813737799810832, "win_rate": 0.746268656716418, "maximum_mtm_drawdown": -0.17838888564051325, "closed_trades": 67, "contributed_jpy": 10000.0, "deposit_event_count": 1, "status": "COMPLETE_H1_PRICE_MODEL_NOT_L2_VERIFIED"}
ALL_SCENARIOS_ACCOUNTING_AND_DEPOSIT_AUDIT_PASS
COMPARISON {"name": "H1_NEXT_OPEN__BASELINE", "scope": "standalone", "rows": [{"cost": "PRICE_MODEL_10BPS", "final": 115079.73744335183, "dd": -0.17085025786931618, "pf": 2.9932860639494, "wr": 0.746268656716418, "n": 67, "short": {"trades": 20, "wins": 15, "win_rate": 0.75, "pf": 3.134271748155436, "net_pnl_usd": 216.07046053862774, "mean_pnl_usd": 10.803523026931387}}, {"cost": "PRICE_MODEL_20BPS", "final": 107843.36214650181, "dd": -0.17411343826418824, "pf": 2.901802543525569, "wr": 0.746268656716418, "n": 67, "short": {"trades": 20, "wins": 15, "win_rate": 0.75, "pf": 3.1030699700464663, "net_pnl_usd": 206.466125442778, "mean_pnl_usd": 10.3233062721389}}, {"cost": "PRICE_MODEL_30BPS", "final": 101058.63400146368, "dd": -0.17838888564051325, "pf": 2.813737799810832, "wr": 0.746268656716418, "n": 67, "short": {"trades": 20, "wins": 15, "win_rate": 0.75, "pf": 3.0729079989184127, "net_pnl_usd": 197.34684933733422, "mean_pnl_usd": 9.867342466866711}}]}
RUN_CASE standalone H1_NEXT_OPEN__SHORT_PRICE_TRAIL4_FROM_PROFIT
START VPS_VENUE_PENGU_GIVEBACK monthly 0.0 period_end 1786320000000 costs [10.0, 20.0, 30.0]
RESULT {"scenario_id": "PRICE_MODEL_10BPS", "final_equity_jpy": 46515.36593875582, "profit_factor": 2.720101355945667, "win_rate": 0.7083333333333334, "maximum_mtm_drawdown": -0.2123849125264171, "closed_trades": 72, "contributed_jpy": 10000.0, "deposit_event_count": 1, "status": "COMPLETE_H1_PRICE_MODEL_NOT_L2_VERIFIED"}
RESULT {"scenario_id": "PRICE_MODEL_20BPS", "final_equity_jpy": 43322.88090599146, "profit_factor": 2.596886414745166, "win_rate": 0.7083333333333334, "maximum_mtm_drawdown": -0.21573053571067946, "closed_trades": 72, "contributed_jpy": 10000.0, "deposit_event_count": 1, "status": "COMPLETE_H1_PRICE_MODEL_NOT_L2_VERIFIED"}
RESULT {"scenario_id": "PRICE_MODEL_30BPS", "final_equity_jpy": 35224.06972355868, "profit_factor": 2.318015231283524, "win_rate": 0.6857142857142857, "maximum_mtm_drawdown": -0.21900939216846216, "closed_trades": 70, "contributed_jpy": 10000.0, "deposit_event_count": 1, "status": "COMPLETE_H1_PRICE_MODEL_NOT_L2_VERIFIED"}
ALL_SCENARIOS_ACCOUNTING_AND_DEPOSIT_AUDIT_PASS
COMPARISON {"name": "H1_NEXT_OPEN__SHORT_PRICE_TRAIL4_FROM_PROFIT", "scope": "standalone", "rows": [{"cost": "PRICE_MODEL_10BPS", "final": 46515.36593875582, "dd": -0.2123849125264171, "pf": 2.720101355945667, "wr": 0.7083333333333334, "n": 72, "short": {"trades": 24, "wins": 16, "win_rate": 0.6666666666666666, "pf": 2.5771039874953474, "net_pnl_usd": 46.36585945126308, "mean_pnl_usd": 1.9319108104692948}}, {"cost": "PRICE_MODEL_20BPS", "final": 43322.88090599146, "dd": -0.21573053571067946, "pf": 2.596886414745166, "wr": 0.7083333333333334, "n": 72, "short": {"trades": 24, "wins": 16, "win_rate": 0.6666666666666666, "pf": 2.4131820047524797, "net_pnl_usd": 41.67146275393661, "mean_pnl_usd": 1.736310948080692}}, {"cost": "PRICE_MODEL_30BPS", "final": 35224.06972355868, "dd": -0.21900939216846216, "pf": 2.318015231283524, "wr": 0.6857142857142857, "n": 70, "short": {"trades": 23, "wins": 14, "win_rate": 0.6086956521739131, "pf": 2.0838856447318896, "net_pnl_usd": 30.802745092437508, "mean_pnl_usd": 1.3392497866277178}}]}
RUN_CASE standalone H1_NEXT_OPEN__SHORT_PEAK_PROFIT_MINUS4PP
START VPS_VENUE_PENGU_GIVEBACK monthly 0.0 period_end 1786320000000 costs [10.0, 20.0, 30.0]
RESULT {"scenario_id": "PRICE_MODEL_10BPS", "final_equity_jpy": 40742.24683514265, "profit_factor": 2.50720220605307, "win_rate": 0.7, "maximum_mtm_drawdown": -0.2123849125264171, "closed_trades": 70, "contributed_jpy": 10000.0, "deposit_event_count": 1, "status": "COMPLETE_H1_PRICE_MODEL_NOT_L2_VERIFIED"}
RESULT {"scenario_id": "PRICE_MODEL_20BPS", "final_equity_jpy": 38016.161116214265, "profit_factor": 2.3948208009420613, "win_rate": 0.7, "maximum_mtm_drawdown": -0.21960643197259522, "closed_trades": 70, "contributed_jpy": 10000.0, "deposit_event_count": 1, "status": "COMPLETE_H1_PRICE_MODEL_NOT_L2_VERIFIED"}
RESULT {"scenario_id": "PRICE_MODEL_30BPS", "final_equity_jpy": 32468.9842469249, "profit_factor": 2.18137130419566, "win_rate": 0.6811594202898551, "maximum_mtm_drawdown": -0.22722195688823366, "closed_trades": 69, "contributed_jpy": 10000.0, "deposit_event_count": 1, "status": "COMPLETE_H1_PRICE_MODEL_NOT_L2_VERIFIED"}
ALL_SCENARIOS_ACCOUNTING_AND_DEPOSIT_AUDIT_PASS
COMPARISON {"name": "H1_NEXT_OPEN__SHORT_PEAK_PROFIT_MINUS4PP", "scope": "standalone", "rows": [{"cost": "PRICE_MODEL_10BPS", "final": 40742.24683514265, "dd": -0.2123849125264171, "pf": 2.50720220605307, "wr": 0.7, "n": 70, "short": {"trades": 24, "wins": 15, "win_rate": 0.625, "pf": 1.9466865569013494, "net_pnl_usd": 35.701440956398784, "mean_pnl_usd": 1.4875600398499493}}, {"cost": "PRICE_MODEL_20BPS", "final": 38016.161116214265, "dd": -0.21960643197259522, "pf": 2.3948208009420613, "wr": 0.7, "n": 70, "short": {"trades": 24, "wins": 15, "win_rate": 0.625, "pf": 1.8401668169966745, "net_pnl_usd": 31.585306045736935, "mean_pnl_usd": 1.3160544185723724}}, {"cost": "PRICE_MODEL_30BPS", "final": 32468.9842469249, "dd": -0.22722195688823366, "pf": 2.18137130419566, "wr": 0.6811594202898551, "n": 69, "short": {"trades": 24, "wins": 14, "win_rate": 0.5833333333333334, "pf": 1.6837707361981524, "net_pnl_usd": 25.047870241057087, "mean_pnl_usd": 1.0436612600440454}}]}
RUN_CASE standalone H1_NEXT_OPEN__SHORT_PEAK_PROFIT_GIVEBACK4PCT
START VPS_VENUE_PENGU_GIVEBACK monthly 0.0 period_end 1786320000000 costs [10.0, 20.0, 30.0]
RESULT {"scenario_id": "PRICE_MODEL_10BPS", "final_equity_jpy": 28957.14982500825, "profit_factor": 2.272859182170948, "win_rate": 0.6338028169014085, "maximum_mtm_drawdown": -0.3015882861409023, "closed_trades": 71, "contributed_jpy": 10000.0, "deposit_event_count": 1, "status": "COMPLETE_H1_PRICE_MODEL_NOT_L2_VERIFIED"}
RESULT {"scenario_id": "PRICE_MODEL_20BPS", "final_equity_jpy": 26986.28226607363, "profit_factor": 2.1392552193209418, "win_rate": 0.5915492957746479, "maximum_mtm_drawdown": -0.3083723425891972, "closed_trades": 71, "contributed_jpy": 10000.0, "deposit_event_count": 1, "status": "COMPLETE_H1_PRICE_MODEL_NOT_L2_VERIFIED"}
RESULT {"scenario_id": "PRICE_MODEL_30BPS", "final_equity_jpy": 25146.805046255562, "profit_factor": 2.0133218274050653, "win_rate": 0.5774647887323944, "maximum_mtm_drawdown": -0.31509442168537516, "closed_trades": 71, "contributed_jpy": 10000.0, "deposit_event_count": 1, "status": "COMPLETE_H1_PRICE_MODEL_NOT_L2_VERIFIED"}
ALL_SCENARIOS_ACCOUNTING_AND_DEPOSIT_AUDIT_PASS
COMPARISON {"name": "H1_NEXT_OPEN__SHORT_PEAK_PROFIT_GIVEBACK4PCT", "scope": "standalone", "rows": [{"cost": "PRICE_MODEL_10BPS", "final": 28957.14982500825, "dd": -0.3015882861409023, "pf": 2.272859182170948, "wr": 0.6338028169014085, "n": 71, "short": {"trades": 25, "wins": 12, "win_rate": 0.48, "pf": 1.7327965528591196, "net_pnl_usd": 10.18358102722497, "mean_pnl_usd": 0.4073432410889988}}, {"cost": "PRICE_MODEL_20BPS", "final": 26986.28226607363, "dd": -0.3083723425891972, "pf": 2.1392552193209418, "wr": 0.5915492957746479, "n": 71, "short": {"trades": 25, "wins": 9, "win_rate": 0.36, "pf": 1.489622181710182, "net_pnl_usd": 7.39881311386497, "mean_pnl_usd": 0.2959525245545988}}, {"cost": "PRICE_MODEL_30BPS", "final": 25146.805046255562, "dd": -0.31509442168537516, "pf": 2.0133218274050653, "wr": 0.5774647887323944, "n": 71, "short": {"trades": 25, "wins": 8, "win_rate": 0.32, "pf": 1.293486251178651, "net_pnl_usd": 4.801308374224975, "mean_pnl_usd": 0.192052334968999}}]}
RUN_CASE standalone H1_NEXT_OPEN__ALL_PEAK_PROFIT_MINUS4PP
START VPS_VENUE_PENGU_GIVEBACK monthly 0.0 period_end 1786320000000 costs [10.0, 20.0, 30.0]
RESULT {"scenario_id": "PRICE_MODEL_10BPS", "final_equity_jpy": 23899.351434520308, "profit_factor": 1.8574179093569523, "win_rate": 0.5512820512820513, "maximum_mtm_drawdown": -0.310277961083662, "closed_trades": 78, "contributed_jpy": 10000.0, "deposit_event_count": 1, "status": "COMPLETE_H1_PRICE_MODEL_NOT_L2_VERIFIED"}
RESULT {"scenario_id": "PRICE_MODEL_20BPS", "final_equity_jpy": 19445.010511562148, "profit_factor": 1.6110722426141217, "win_rate": 0.5263157894736842, "maximum_mtm_drawdown": -0.31602610216951965, "closed_trades": 76, "contributed_jpy": 10000.0, "deposit_event_count": 1, "status": "COMPLETE_H1_PRICE_MODEL_NOT_L2_VERIFIED"}
RESULT {"scenario_id": "PRICE_MODEL_30BPS", "final_equity_jpy": 18026.323154133373, "profit_factor": 1.5144764377468816, "win_rate": 0.5131578947368421, "maximum_mtm_drawdown": -0.32172465721041055, "closed_trades": 76, "contributed_jpy": 10000.0, "deposit_event_count": 1, "status": "COMPLETE_H1_PRICE_MODEL_NOT_L2_VERIFIED"}
ALL_SCENARIOS_ACCOUNTING_AND_DEPOSIT_AUDIT_PASS
COMPARISON {"name": "H1_NEXT_OPEN__ALL_PEAK_PROFIT_MINUS4PP", "scope": "standalone", "rows": [{"cost": "PRICE_MODEL_10BPS", "final": 23899.351434520308, "dd": -0.310277961083662, "pf": 1.8574179093569523, "wr": 0.5512820512820513, "n": 78, "short": {"trades": 26, "wins": 15, "win_rate": 0.5769230769230769, "pf": 1.4368893830594058, "net_pnl_usd": 16.184338505607077, "mean_pnl_usd": 0.6224745579079645}}, {"cost": "PRICE_MODEL_20BPS", "final": 19445.010511562148, "dd": -0.31602610216951965, "pf": 1.6110722426141217, "wr": 0.5263157894736842, "n": 76, "short": {"trades": 25, "wins": 14, "win_rate": 0.56, "pf": 1.2639752926301047, "net_pnl_usd": 9.346357236450707, "mean_pnl_usd": 0.3738542894580283}}, {"cost": "PRICE_MODEL_30BPS", "final": 18026.323154133373, "dd": -0.32172465721041055, "pf": 1.5144764377468816, "wr": 0.5131578947368421, "n": 76, "short": {"trades": 25, "wins": 13, "win_rate": 0.52, "pf": 1.1935956735441222, "net_pnl_usd": 6.829430912540064, "mean_pnl_usd": 0.2731772365016026}}]}
RUN_CASE integrated H1_NEXT_OPEN__BASELINE
START VPS_VENUE_PENGU_GIVEBACK monthly 0.0 period_end 1786320000000 costs [10.0, 20.0, 30.0]
RESULT {"scenario_id": "PRICE_MODEL_10BPS", "final_equity_jpy": 3418332.1648407653, "profit_factor": 1.776046754799364, "win_rate": 0.4796854521625164, "maximum_mtm_drawdown": -0.254818489816794, "closed_trades": 1526, "contributed_jpy": 10000.0, "deposit_event_count": 1, "status": "COMPLETE_H1_PRICE_MODEL_NOT_L2_VERIFIED"}
RESULT {"scenario_id": "PRICE_MODEL_20BPS", "final_equity_jpy": 846258.6507868133, "profit_factor": 1.5449198455566742, "win_rate": 0.4496330887258172, "maximum_mtm_drawdown": -0.26348262821710267, "closed_trades": 1499, "contributed_jpy": 10000.0, "deposit_event_count": 1, "status": "COMPLETE_H1_PRICE_MODEL_NOT_L2_VERIFIED"}
RESULT {"scenario_id": "PRICE_MODEL_30BPS", "final_equity_jpy": 223640.74228811057, "profit_factor": 1.3342087354953438, "win_rate": 0.4186991869918699, "maximum_mtm_drawdown": -0.2831620730241263, "closed_trades": 1476, "contributed_jpy": 10000.0, "deposit_event_count": 1, "status": "COMPLETE_H1_PRICE_MODEL_NOT_L2_VERIFIED"}
ALL_SCENARIOS_ACCOUNTING_AND_DEPOSIT_AUDIT_PASS
COMPARISON {"name": "H1_NEXT_OPEN__BASELINE", "scope": "integrated", "rows": [{"cost": "PRICE_MODEL_10BPS", "final": 3418332.1648407653, "dd": -0.254818489816794, "pf": 1.776046754799364, "wr": 0.4796854521625164, "n": 1526, "short": {"trades": 20, "wins": 15, "win_rate": 0.75, "pf": 0.8587731984070152, "net_pnl_usd": -234.21783062326494, "mean_pnl_usd": -11.710891531163247}}, {"cost": "PRICE_MODEL_20BPS", "final": 846258.6507868133, "dd": -0.26348262821710267, "pf": 1.5449198455566742, "wr": 0.4496330887258172, "n": 1499, "short": {"trades": 20, "wins": 15, "win_rate": 0.75, "pf": 1.2962466079145765, "net_pnl_usd": 138.67754359269185, "mean_pnl_usd": 6.933877179634592}}, {"cost": "PRICE_MODEL_30BPS", "final": 223640.74228811057, "dd": -0.2831620730241263, "pf": 1.3342087354953438, "wr": 0.4186991869918699, "n": 1476, "short": {"trades": 20, "wins": 15, "win_rate": 0.75, "pf": 2.1116474793118707, "net_pnl_usd": 169.6346081819333, "mean_pnl_usd": 8.481730409096665}}]}
RUN_CASE integrated H1_NEXT_OPEN__SHORT_PRICE_TRAIL4_FROM_PROFIT
START VPS_VENUE_PENGU_GIVEBACK monthly 0.0 period_end 1786320000000 costs [10.0, 20.0, 30.0]
RESULT {"scenario_id": "PRICE_MODEL_10BPS", "final_equity_jpy": 1590848.9870026729, "profit_factor": 1.8090917042286279, "win_rate": 0.47942521227955587, "maximum_mtm_drawdown": -0.28929241258763083, "closed_trades": 1531, "contributed_jpy": 10000.0, "deposit_event_count": 1, "status": "COMPLETE_H1_PRICE_MODEL_NOT_L2_VERIFIED"}
RESULT {"scenario_id": "PRICE_MODEL_20BPS", "final_equity_jpy": 372536.58579270623, "profit_factor": 1.5173051370237034, "win_rate": 0.44990046449900467, "maximum_mtm_drawdown": -0.32448156859679844, "closed_trades": 1507, "contributed_jpy": 10000.0, "deposit_event_count": 1, "status": "COMPLETE_H1_PRICE_MODEL_NOT_L2_VERIFIED"}
RESULT {"scenario_id": "PRICE_MODEL_30BPS", "final_equity_jpy": 73292.79752914842, "profit_factor": 1.2561614043210794, "win_rate": 0.4168918918918919, "maximum_mtm_drawdown": -0.46483258383520476, "closed_trades": 1480, "contributed_jpy": 10000.0, "deposit_event_count": 1, "status": "COMPLETE_H1_PRICE_MODEL_NOT_L2_VERIFIED"}
ALL_SCENARIOS_ACCOUNTING_AND_DEPOSIT_AUDIT_PASS
COMPARISON {"name": "H1_NEXT_OPEN__SHORT_PRICE_TRAIL4_FROM_PROFIT", "scope": "integrated", "rows": [{"cost": "PRICE_MODEL_10BPS", "final": 1590848.9870026729, "dd": -0.28929241258763083, "pf": 1.8090917042286279, "wr": 0.47942521227955587, "n": 1531, "short": {"trades": 23, "wins": 16, "win_rate": 0.6956521739130435, "pf": 1.7995980133280391, "net_pnl_usd": 291.17835765804386, "mean_pnl_usd": 12.659928593827994}}, {"cost": "PRICE_MODEL_20BPS", "final": 372536.58579270623, "dd": -0.32448156859679844, "pf": 1.5173051370237034, "wr": 0.44990046449900467, "n": 1507, "short": {"trades": 23, "wins": 16, "win_rate": 0.6956521739130435, "pf": 1.9919264201639788, "net_pnl_usd": 117.08101034701072, "mean_pnl_usd": 5.090478710739596}}, {"cost": "PRICE_MODEL_30BPS", "final": 73292.79752914842, "dd": -0.46483258383520476, "pf": 1.2561614043210794, "wr": 0.4168918918918919, "n": 1480, "short": {"trades": 22, "wins": 14, "win_rate": 0.6363636363636364, "pf": 1.9153411609084294, "net_pnl_usd": 40.309026070446215, "mean_pnl_usd": 1.8322284577475552}}]}
RUN_CASE integrated H1_NEXT_OPEN__SHORT_PEAK_PROFIT_MINUS4PP
START VPS_VENUE_PENGU_GIVEBACK monthly 0.0 period_end 1786320000000 costs [10.0, 20.0, 30.0]
RESULT {"scenario_id": "PRICE_MODEL_10BPS", "final_equity_jpy": 1355121.9471631567, "profit_factor": 1.80058667526568, "win_rate": 0.47684279191128504, "maximum_mtm_drawdown": -0.3396040979512499, "closed_trades": 1533, "contributed_jpy": 10000.0, "deposit_event_count": 1, "status": "COMPLETE_H1_PRICE_MODEL_NOT_L2_VERIFIED"}
RESULT {"scenario_id": "PRICE_MODEL_20BPS", "final_equity_jpy": 312092.5839756115, "profit_factor": 1.500546071538725, "win_rate": 0.4489389920424403, "maximum_mtm_drawdown": -0.3979477477693706, "closed_trades": 1508, "contributed_jpy": 10000.0, "deposit_event_count": 1, "status": "COMPLETE_H1_PRICE_MODEL_NOT_L2_VERIFIED"}
RESULT {"scenario_id": "PRICE_MODEL_30BPS", "final_equity_jpy": 68066.27256462332, "profit_factor": 1.2486268211922187, "win_rate": 0.4171737660581474, "maximum_mtm_drawdown": -0.49815684765578305, "closed_trades": 1479, "contributed_jpy": 10000.0, "deposit_event_count": 1, "status": "COMPLETE_H1_PRICE_MODEL_NOT_L2_VERIFIED"}
ALL_SCENARIOS_ACCOUNTING_AND_DEPOSIT_AUDIT_PASS
COMPARISON {"name": "H1_NEXT_OPEN__SHORT_PEAK_PROFIT_MINUS4PP", "scope": "integrated", "rows": [{"cost": "PRICE_MODEL_10BPS", "final": 1355121.9471631567, "dd": -0.3396040979512499, "pf": 1.80058667526568, "wr": 0.47684279191128504, "n": 1533, "short": {"trades": 24, "wins": 15, "win_rate": 0.625, "pf": 1.7567249471029236, "net_pnl_usd": 259.80492388466934, "mean_pnl_usd": 10.825205161861222}}, {"cost": "PRICE_MODEL_20BPS", "final": 312092.5839756115, "dd": -0.3979477477693706, "pf": 1.500546071538725, "wr": 0.4489389920424403, "n": 1508, "short": {"trades": 24, "wins": 15, "win_rate": 0.625, "pf": 1.789535852423341, "net_pnl_usd": 95.93870781027125, "mean_pnl_usd": 3.9974461587613024}}, {"cost": "PRICE_MODEL_30BPS", "final": 68066.27256462332, "dd": -0.49815684765578305, "pf": 1.2486268211922187, "wr": 0.4171737660581474, "n": 1479, "short": {"trades": 24, "wins": 14, "win_rate": 0.5833333333333334, "pf": 1.61263680482471, "net_pnl_usd": 32.735256258985984, "mean_pnl_usd": 1.3639690107910827}}]}
RUN_CASE integrated H1_NEXT_OPEN__SHORT_PEAK_PROFIT_GIVEBACK4PCT
START VPS_VENUE_PENGU_GIVEBACK monthly 0.0 period_end 1786320000000 costs [10.0, 20.0, 30.0]
RESULT {"scenario_id": "PRICE_MODEL_10BPS", "final_equity_jpy": 618610.6137309738, "profit_factor": 1.7103265147033506, "win_rate": 0.4744667097608274, "maximum_mtm_drawdown": -0.382019891160709, "closed_trades": 1547, "contributed_jpy": 10000.0, "deposit_event_count": 1, "status": "COMPLETE_H1_PRICE_MODEL_NOT_L2_VERIFIED"}
RESULT {"scenario_id": "PRICE_MODEL_20BPS", "final_equity_jpy": 168714.89555159138, "profit_factor": 1.437151470101279, "win_rate": 0.44216787838731, "maximum_mtm_drawdown": -0.4566834172252998, "closed_trades": 1513, "contributed_jpy": 10000.0, "deposit_event_count": 1, "status": "COMPLETE_H1_PRICE_MODEL_NOT_L2_VERIFIED"}
RESULT {"scenario_id": "PRICE_MODEL_30BPS", "final_equity_jpy": 48670.44448556725, "profit_factor": 1.213183641519523, "win_rate": 0.4152599594868332, "maximum_mtm_drawdown": -0.5371473322915965, "closed_trades": 1481, "contributed_jpy": 10000.0, "deposit_event_count": 1, "status": "COMPLETE_H1_PRICE_MODEL_NOT_L2_VERIFIED"}
ALL_SCENARIOS_ACCOUNTING_AND_DEPOSIT_AUDIT_PASS
COMPARISON {"name": "H1_NEXT_OPEN__SHORT_PEAK_PROFIT_GIVEBACK4PCT", "scope": "integrated", "rows": [{"cost": "PRICE_MODEL_10BPS", "final": 618610.6137309738, "dd": -0.382019891160709, "pf": 1.7103265147033506, "wr": 0.4744667097608274, "n": 1547, "short": {"trades": 24, "wins": 12, "win_rate": 0.5, "pf": 1.1224081648904158, "net_pnl_usd": 5.689443907359764, "mean_pnl_usd": 0.23706016280665684}}, {"cost": "PRICE_MODEL_20BPS", "final": 168714.89555159138, "dd": -0.4566834172252998, "pf": 1.437151470101279, "wr": 0.44216787838731, "n": 1513, "short": {"trades": 24, "wins": 9, "win_rate": 0.375, "pf": 1.0935805000991106, "net_pnl_usd": 2.5957370801999393, "mean_pnl_usd": 0.10815571167499748}}, {"cost": "PRICE_MODEL_30BPS", "final": 48670.44448556725, "dd": -0.5371473322915965, "pf": 1.213183641519523, "wr": 0.4152599594868332, "n": 1481, "short": {"trades": 24, "wins": 8, "win_rate": 0.3333333333333333, "pf": 1.0660341229725512, "net_pnl_usd": 1.189334692719986, "mean_pnl_usd": 0.04955561219666608}}]}
RUN_CASE integrated H1_NEXT_OPEN__ALL_PEAK_PROFIT_MINUS4PP
START VPS_VENUE_PENGU_GIVEBACK monthly 0.0 period_end 1786320000000 costs [10.0, 20.0, 30.0]
RESULT {"scenario_id": "PRICE_MODEL_10BPS", "final_equity_jpy": 649460.9664639209, "profit_factor": 1.5594819777249342, "win_rate": 0.4700193423597679, "maximum_mtm_drawdown": -0.388112486230476, "closed_trades": 1551, "contributed_jpy": 10000.0, "deposit_event_count": 1, "status": "COMPLETE_H1_PRICE_MODEL_NOT_L2_VERIFIED"}
RESULT {"scenario_id": "PRICE_MODEL_20BPS", "final_equity_jpy": 130424.83793429637, "profit_factor": 1.3267196512149548, "win_rate": 0.43803843605036447, "maximum_mtm_drawdown": -0.422316529546898, "closed_trades": 1509, "contributed_jpy": 10000.0, "deposit_event_count": 1, "status": "COMPLETE_H1_PRICE_MODEL_NOT_L2_VERIFIED"}
RESULT {"scenario_id": "PRICE_MODEL_30BPS", "final_equity_jpy": 35620.13415591046, "profit_factor": 1.1451663014391829, "win_rate": 0.40896739130434784, "maximum_mtm_drawdown": -0.47516664018753363, "closed_trades": 1472, "contributed_jpy": 10000.0, "deposit_event_count": 1, "status": "COMPLETE_H1_PRICE_MODEL_NOT_L2_VERIFIED"}
ALL_SCENARIOS_ACCOUNTING_AND_DEPOSIT_AUDIT_PASS
COMPARISON {"name": "H1_NEXT_OPEN__ALL_PEAK_PROFIT_MINUS4PP", "scope": "integrated", "rows": [{"cost": "PRICE_MODEL_10BPS", "final": 649460.9664639209, "dd": -0.388112486230476, "pf": 1.5594819777249342, "wr": 0.4700193423597679, "n": 1551, "short": {"trades": 26, "wins": 15, "win_rate": 0.5769230769230769, "pf": 1.353083278951675, "net_pnl_usd": 105.52521344554933, "mean_pnl_usd": 4.058662055598051}}, {"cost": "PRICE_MODEL_20BPS", "final": 130424.83793429637, "dd": -0.422316529546898, "pf": 1.3267196512149548, "wr": 0.43803843605036447, "n": 1509, "short": {"trades": 25, "wins": 14, "win_rate": 0.56, "pf": 1.3257343916783406, "net_pnl_usd": 32.406626494431535, "mean_pnl_usd": 1.2962650597772614}}, {"cost": "PRICE_MODEL_30BPS", "final": 35620.13415591046, "dd": -0.47516664018753363, "pf": 1.1451663014391829, "wr": 0.40896739130434784, "n": 1472, "short": {"trades": 25, "wins": 13, "win_rate": 0.52, "pf": 1.169892999655245, "net_pnl_usd": 9.017806155530998, "mean_pnl_usd": 0.36071224622123993}}]}
BT_COMPLETED 15
