{
  "status": "EXTERNAL_FIXED_RULE_ROUTE_ONLY_NOT_FULL8_PORTFOLIO",
  "all_routes": {
    "10": {
      "n": 274,
      "wins": 112,
      "losses": 162,
      "pf": 0.5882679425221817,
      "mean": -0.011570443504778719,
      "sum": -3.1703015203093687
    },
    "20": {
      "n": 274,
      "wins": 110,
      "losses": 164,
      "pf": 0.5619914685490609,
      "mean": -0.012570443504778718,
      "sum": -3.4443015203093688
    },
    "30": {
      "n": 274,
      "wins": 107,
      "losses": 167,
      "pf": 0.5368993793494089,
      "mean": -0.013570443504778719,
      "sum": -3.718301520309369
    }
  },
  "y06": {
    "10": {
      "n": 102,
      "wins": 38,
      "losses": 64,
      "pf": 0.299518757110955,
      "mean": -0.030087772032172246,
      "sum": -3.068952747281569
    },
    "20": {
      "n": 102,
      "wins": 38,
      "losses": 64,
      "pf": 0.28665789122624163,
      "mean": -0.031087772032172244,
      "sum": -3.170952747281569
    },
    "30": {
      "n": 102,
      "wins": 38,
      "losses": 64,
      "pf": 0.2741620986535734,
      "mean": -0.032087772032172245,
      "sum": -3.272952747281569
    }
  },
  "causal_feature_checks": 299
}
