{
  "status": "SELECTED_V2_REPAIRED_CAUSAL_TRANSLATION_ROUTE_ONLY_NOT_EXACT_ID_BASELINE_OR_FULL8",
  "pre_repair": 288,
  "after_repairs": 258,
  "all_routes": {
    "10": {
      "n": 258,
      "wins": 108,
      "pf": 0.5700272991734117,
      "mean": -0.012285518342260899,
      "sum": -3.169663732303312
    },
    "20": {
      "n": 258,
      "wins": 106,
      "pf": 0.5444004739802598,
      "mean": -0.0132855183422609,
      "sum": -3.427663732303312
    },
    "30": {
      "n": 258,
      "wins": 104,
      "pf": 0.5198752635291347,
      "mean": -0.014285518342260899,
      "sum": -3.685663732303312
    }
  },
  "y06": {
    "10": {
      "n": 102,
      "wins": 38,
      "pf": 0.299518757110955,
      "mean": -0.030087772032172246,
      "sum": -3.068952747281569
    },
    "20": {
      "n": 102,
      "wins": 38,
      "pf": 0.28665789122624163,
      "mean": -0.031087772032172244,
      "sum": -3.170952747281569
    },
    "30": {
      "n": 102,
      "wins": 38,
      "pf": 0.2741620986535734,
      "mean": -0.032087772032172245,
      "sum": -3.272952747281569
    }
  }
}
